[1348:21760:0506/130357.339:WARNING:chrome_main_delegate.cc(745)] This is Chrome version 128.0.6613.138 (not a warning)
[1348:17148:0506/130357.388:ERROR:google_update_settings.cc(265)] Failed opening key Software\Chromium to set usagestats; result: 5
[1348:21760:0506/130357.419:WARNING:account_consistency_mode_manager.cc(77)] Desktop Identity Consistency cannot be enabled as no OAuth client ID and client secret have been configured.
[27312:18080:0506/130401.779:WARNING:frame_impl.cc(430)] virtual CefFrameImpl::SendProcessMessage sent to detached frame 5-A3BFF6B644119891A57E22683C556FCB will be ignored
[1348:20608:0506/130402.237:WARNING:browser_info.cc(345)] Returning a speculative frame for [7,5]
[1348:21760:0506/130402.253:WARNING:browser_info.cc(345)] Returning a speculative frame for [8,5]
[1348:21760:0506/130402.254:WARNING:browser_info.cc(345)] Returning a speculative frame for [8,5]
[1348:21760:0506/130402.254:WARNING:browser_info.cc(345)] Returning a speculative frame for [8,5]
[1348:21760:0506/130402.254:WARNING:browser_info.cc(345)] Returning a speculative frame for [8,5]
[1348:20608:0506/130402.424:WARNING:browser_info.cc(345)] Returning a speculative frame for [8,5]
[10440:4904:0506/130405.691:WARNING:codec.cc(525)] Explicitly added H264 constrained baseline to list of supported formats.
[10440:4904:0506/130406.446:WARNING:codec.cc(525)] Explicitly added H264 constrained baseline to list of supported formats.
[10440:13528:0506/130406.653:WARNING:codec.cc(525)] Explicitly added H264 constrained baseline to list of supported formats.
[10440:13528:0506/130406.654:WARNING:codec.cc(525)] Explicitly added H264 constrained baseline to list of supported formats.
[10440:13528:0506/130406.659:WARNING:codec.cc(525)] Explicitly added H264 constrained baseline to list of supported formats.
[22596:5600:0506/130406.696:WARNING:host_resolver_dns_task.cc(863)] Address list empty after RFC3484 sort
[22596:5600:0506/130406.706:ERROR:socket_manager.cc(147)] Failed to resolve address for stun.cloudflare.com., errorcode: -105
[22596:5600:0506/130406.706:ERROR:socket_manager.cc(147)] Failed to resolve address for stun.cloudflare.com., errorcode: -105
[22596:5600:0506/130406.706:ERROR:socket_manager.cc(147)] Failed to resolve address for stun.cloudflare.com., errorcode: -105
[10440:13528:0506/130406.706:WARNING:stun_port.cc(442)] Port[453b000:0:1:0:host:Net[any:0:0:0:x:x:x:x:x/0:Wildcard:id=0]]: StunPort: stun host lookup received error -1
[10440:13528:0506/130406.729:WARNING:stun_port.cc(442)] Port[453b800:1:1:0:host:Net[any:0:0:0:x:x:x:x:x/0:Wildcard:id=0]]: StunPort: stun host lookup received error -1
[10440:13528:0506/130406.729:WARNING:stun_port.cc(442)] Port[453bc00:2:1:0:host:Net[any:0:0:0:x:x:x:x:x/0:Wildcard:id=0]]: StunPort: stun host lookup received error -1
[11388:15032:0506/130617.063:ERROR:shared_image_manager.cc(224)] SharedImageManager::ProduceSkia: Trying to Produce a Skia representation from a non-existent mailbox.
[11388:15032:0506/130617.064:ERROR:shared_image_manager.cc(224)] SharedImageManager::ProduceSkia: Trying to Produce a Skia representation from a non-existent mailbox.
[1348:21760:0506/170504.648:WARNING:pref_notifier_impl.cc(41)] Pref observer for media_router.cast_allow_all_ips found at shutdown.
